Archive member included to satisfy reference by file (symbol)

c:/program files/avr8-gnu-toolchain-win32_x86_64/bin/../lib/gcc/avr/7.3.0/avr4\libgcc.a(_divmodhi4.o)
                              build/default/production/zegar_main.o (__divmodhi4)
c:/program files/avr8-gnu-toolchain-win32_x86_64/bin/../lib/gcc/avr/7.3.0/avr4\libgcc.a(_exit.o)
                              C:/Program Files/Microchip/MPLABX/v6.20/packs/Microchip/ATmega_DFP/3.1.264/gcc/dev/atmega8/avr4/crtatmega8.o (exit)
c:/program files/avr8-gnu-toolchain-win32_x86_64/bin/../lib/gcc/avr/7.3.0/avr4\libgcc.a(_copy_data.o)
                              build/default/production/zegar_main.o (__do_copy_data)
c:/program files/avr8-gnu-toolchain-win32_x86_64/bin/../lib/gcc/avr/7.3.0/avr4\libgcc.a(_clear_bss.o)
                              build/default/production/zegar_main.o (__do_clear_bss)
c:/program files/avr8-gnu-toolchain-win32_x86_64/bin/../lib/gcc/avr/7.3.0/avr4\libgcc.a(_udivmodhi4.o)
                              c:/program files/avr8-gnu-toolchain-win32_x86_64/bin/../lib/gcc/avr/7.3.0/avr4\libgcc.a(_divmodhi4.o) (__udivmodhi4)

Discarded input sections

 .data          0x0000000000000000        0x0 C:/Program Files/Microchip/MPLABX/v6.20/packs/Microchip/ATmega_DFP/3.1.264/gcc/dev/atmega8/avr4/crtatmega8.o
 .bss           0x0000000000000000        0x0 C:/Program Files/Microchip/MPLABX/v6.20/packs/Microchip/ATmega_DFP/3.1.264/gcc/dev/atmega8/avr4/crtatmega8.o
 .text          0x0000000000000000        0x0 build/default/production/zegar_main.o
 .data          0x0000000000000000        0x0 build/default/production/zegar_main.o
 .bss           0x0000000000000000        0x0 build/default/production/zegar_main.o
 .bss.teraz     0x0000000000000000        0x2 build/default/production/zegar_main.o
 .text          0x0000000000000000        0x0 c:/program files/avr8-gnu-toolchain-win32_x86_64/bin/../lib/gcc/avr/7.3.0/avr4\libgcc.a(_divmodhi4.o)
 .data          0x0000000000000000        0x0 c:/program files/avr8-gnu-toolchain-win32_x86_64/bin/../lib/gcc/avr/7.3.0/avr4\libgcc.a(_divmodhi4.o)
 .bss           0x0000000000000000        0x0 c:/program files/avr8-gnu-toolchain-win32_x86_64/bin/../lib/gcc/avr/7.3.0/avr4\libgcc.a(_divmodhi4.o)
 .text.libgcc.mul
                0x0000000000000000        0x0 c:/program files/avr8-gnu-toolchain-win32_x86_64/bin/../lib/gcc/avr/7.3.0/avr4\libgcc.a(_divmodhi4.o)
 .text.libgcc   0x0000000000000000        0x0 c:/program files/avr8-gnu-toolchain-win32_x86_64/bin/../lib/gcc/avr/7.3.0/avr4\libgcc.a(_divmodhi4.o)
 .text.libgcc.prologue
                0x0000000000000000        0x0 c:/program files/avr8-gnu-toolchain-win32_x86_64/bin/../lib/gcc/avr/7.3.0/avr4\libgcc.a(_divmodhi4.o)
 .text.libgcc.builtins
                0x0000000000000000        0x0 c:/program files/avr8-gnu-toolchain-win32_x86_64/bin/../lib/gcc/avr/7.3.0/avr4\libgcc.a(_divmodhi4.o)
 .text.libgcc.fmul
                0x0000000000000000        0x0 c:/program files/avr8-gnu-toolchain-win32_x86_64/bin/../lib/gcc/avr/7.3.0/avr4\libgcc.a(_divmodhi4.o)
 .text.libgcc.fixed
                0x0000000000000000        0x0 c:/program files/avr8-gnu-toolchain-win32_x86_64/bin/../lib/gcc/avr/7.3.0/avr4\libgcc.a(_divmodhi4.o)
 .text          0x0000000000000000        0x0 c:/program files/avr8-gnu-toolchain-win32_x86_64/bin/../lib/gcc/avr/7.3.0/avr4\libgcc.a(_exit.o)
 .data          0x0000000000000000        0x0 c:/program files/avr8-gnu-toolchain-win32_x86_64/bin/../lib/gcc/avr/7.3.0/avr4\libgcc.a(_exit.o)
 .bss           0x0000000000000000        0x0 c:/program files/avr8-gnu-toolchain-win32_x86_64/bin/../lib/gcc/avr/7.3.0/avr4\libgcc.a(_exit.o)
 .text.libgcc.mul
                0x0000000000000000        0x0 c:/program files/avr8-gnu-toolchain-win32_x86_64/bin/../lib/gcc/avr/7.3.0/avr4\libgcc.a(_exit.o)
 .text.libgcc.div
                0x0000000000000000        0x0 c:/program files/avr8-gnu-toolchain-win32_x86_64/bin/../lib/gcc/avr/7.3.0/avr4\libgcc.a(_exit.o)
 .text.libgcc   0x0000000000000000        0x0 c:/program files/avr8-gnu-toolchain-win32_x86_64/bin/../lib/gcc/avr/7.3.0/avr4\libgcc.a(_exit.o)
 .text.libgcc.prologue
                0x0000000000000000        0x0 c:/program files/avr8-gnu-toolchain-win32_x86_64/bin/../lib/gcc/avr/7.3.0/avr4\libgcc.a(_exit.o)
 .text.libgcc.builtins
                0x0000000000000000        0x0 c:/program files/avr8-gnu-toolchain-win32_x86_64/bin/../lib/gcc/avr/7.3.0/avr4\libgcc.a(_exit.o)
 .text.libgcc.fmul
                0x0000000000000000        0x0 c:/program files/avr8-gnu-toolchain-win32_x86_64/bin/../lib/gcc/avr/7.3.0/avr4\libgcc.a(_exit.o)
 .text.libgcc.fixed
                0x0000000000000000        0x0 c:/program files/avr8-gnu-toolchain-win32_x86_64/bin/../lib/gcc/avr/7.3.0/avr4\libgcc.a(_exit.o)
 .text          0x0000000000000000        0x0 c:/program files/avr8-gnu-toolchain-win32_x86_64/bin/../lib/gcc/avr/7.3.0/avr4\libgcc.a(_copy_data.o)
 .data          0x0000000000000000        0x0 c:/program files/avr8-gnu-toolchain-win32_x86_64/bin/../lib/gcc/avr/7.3.0/avr4\libgcc.a(_copy_data.o)
 .bss           0x0000000000000000        0x0 c:/program files/avr8-gnu-toolchain-win32_x86_64/bin/../lib/gcc/avr/7.3.0/avr4\libgcc.a(_copy_data.o)
 .text.libgcc.mul
                0x0000000000000000        0x0 c:/program files/avr8-gnu-toolchain-win32_x86_64/bin/../lib/gcc/avr/7.3.0/avr4\libgcc.a(_copy_data.o)
 .text.libgcc.div
                0x0000000000000000        0x0 c:/program files/avr8-gnu-toolchain-win32_x86_64/bin/../lib/gcc/avr/7.3.0/avr4\libgcc.a(_copy_data.o)
 .text.libgcc   0x0000000000000000        0x0 c:/program files/avr8-gnu-toolchain-win32_x86_64/bin/../lib/gcc/avr/7.3.0/avr4\libgcc.a(_copy_data.o)
 .text.libgcc.prologue
                0x0000000000000000        0x0 c:/program files/avr8-gnu-toolchain-win32_x86_64/bin/../lib/gcc/avr/7.3.0/avr4\libgcc.a(_copy_data.o)
 .text.libgcc.builtins
                0x0000000000000000        0x0 c:/program files/avr8-gnu-toolchain-win32_x86_64/bin/../lib/gcc/avr/7.3.0/avr4\libgcc.a(_copy_data.o)
 .text.libgcc.fmul
                0x0000000000000000        0x0 c:/program files/avr8-gnu-toolchain-win32_x86_64/bin/../lib/gcc/avr/7.3.0/avr4\libgcc.a(_copy_data.o)
 .text.libgcc.fixed
                0x0000000000000000        0x0 c:/program files/avr8-gnu-toolchain-win32_x86_64/bin/../lib/gcc/avr/7.3.0/avr4\libgcc.a(_copy_data.o)
 .text          0x0000000000000000        0x0 c:/program files/avr8-gnu-toolchain-win32_x86_64/bin/../lib/gcc/avr/7.3.0/avr4\libgcc.a(_clear_bss.o)
 .data          0x0000000000000000        0x0 c:/program files/avr8-gnu-toolchain-win32_x86_64/bin/../lib/gcc/avr/7.3.0/avr4\libgcc.a(_clear_bss.o)
 .bss           0x0000000000000000        0x0 c:/program files/avr8-gnu-toolchain-win32_x86_64/bin/../lib/gcc/avr/7.3.0/avr4\libgcc.a(_clear_bss.o)
 .text.libgcc.mul
                0x0000000000000000        0x0 c:/program files/avr8-gnu-toolchain-win32_x86_64/bin/../lib/gcc/avr/7.3.0/avr4\libgcc.a(_clear_bss.o)
 .text.libgcc.div
                0x0000000000000000        0x0 c:/program files/avr8-gnu-toolchain-win32_x86_64/bin/../lib/gcc/avr/7.3.0/avr4\libgcc.a(_clear_bss.o)
 .text.libgcc   0x0000000000000000        0x0 c:/program files/avr8-gnu-toolchain-win32_x86_64/bin/../lib/gcc/avr/7.3.0/avr4\libgcc.a(_clear_bss.o)
 .text.libgcc.prologue
                0x0000000000000000        0x0 c:/program files/avr8-gnu-toolchain-win32_x86_64/bin/../lib/gcc/avr/7.3.0/avr4\libgcc.a(_clear_bss.o)
 .text.libgcc.builtins
                0x0000000000000000        0x0 c:/program files/avr8-gnu-toolchain-win32_x86_64/bin/../lib/gcc/avr/7.3.0/avr4\libgcc.a(_clear_bss.o)
 .text.libgcc.fmul
                0x0000000000000000        0x0 c:/program files/avr8-gnu-toolchain-win32_x86_64/bin/../lib/gcc/avr/7.3.0/avr4\libgcc.a(_clear_bss.o)
 .text.libgcc.fixed
                0x0000000000000000        0x0 c:/program files/avr8-gnu-toolchain-win32_x86_64/bin/../lib/gcc/avr/7.3.0/avr4\libgcc.a(_clear_bss.o)
 .text          0x0000000000000000        0x0 c:/program files/avr8-gnu-toolchain-win32_x86_64/bin/../lib/gcc/avr/7.3.0/avr4\libgcc.a(_udivmodhi4.o)
 .data          0x0000000000000000        0x0 c:/program files/avr8-gnu-toolchain-win32_x86_64/bin/../lib/gcc/avr/7.3.0/avr4\libgcc.a(_udivmodhi4.o)
 .bss           0x0000000000000000        0x0 c:/program files/avr8-gnu-toolchain-win32_x86_64/bin/../lib/gcc/avr/7.3.0/avr4\libgcc.a(_udivmodhi4.o)
 .text.libgcc.mul
                0x0000000000000000        0x0 c:/program files/avr8-gnu-toolchain-win32_x86_64/bin/../lib/gcc/avr/7.3.0/avr4\libgcc.a(_udivmodhi4.o)
 .text.libgcc   0x0000000000000000        0x0 c:/program files/avr8-gnu-toolchain-win32_x86_64/bin/../lib/gcc/avr/7.3.0/avr4\libgcc.a(_udivmodhi4.o)
 .text.libgcc.prologue
                0x0000000000000000        0x0 c:/program files/avr8-gnu-toolchain-win32_x86_64/bin/../lib/gcc/avr/7.3.0/avr4\libgcc.a(_udivmodhi4.o)
 .text.libgcc.builtins
                0x0000000000000000        0x0 c:/program files/avr8-gnu-toolchain-win32_x86_64/bin/../lib/gcc/avr/7.3.0/avr4\libgcc.a(_udivmodhi4.o)
 .text.libgcc.fmul
                0x0000000000000000        0x0 c:/program files/avr8-gnu-toolchain-win32_x86_64/bin/../lib/gcc/avr/7.3.0/avr4\libgcc.a(_udivmodhi4.o)
 .text.libgcc.fixed
                0x0000000000000000        0x0 c:/program files/avr8-gnu-toolchain-win32_x86_64/bin/../lib/gcc/avr/7.3.0/avr4\libgcc.a(_udivmodhi4.o)

Memory Configuration

Name             Origin             Length             Attributes
text             0x0000000000000000 0x0000000000002000 xr
data             0x0000000000800060 0x0000000000000400 rw !x
eeprom           0x0000000000810000 0x0000000000000200 rw !x
fuse             0x0000000000820000 0x0000000000000002 rw !x
lock             0x0000000000830000 0x0000000000000400 rw !x
signature        0x0000000000840000 0x0000000000000400 rw !x
user_signatures  0x0000000000850000 0x0000000000000400 rw !x
*default*        0x0000000000000000 0xffffffffffffffff

Linker script and memory map

LOAD C:/Program Files/Microchip/MPLABX/v6.20/packs/Microchip/ATmega_DFP/3.1.264/gcc/dev/atmega8/avr4/crtatmega8.o
LOAD build/default/production/zegar_main.o
                0x0000000000000001                __MPLAB_BUILD = 0x1
START GROUP
LOAD c:/program files/avr8-gnu-toolchain-win32_x86_64/bin/../lib/gcc/avr/7.3.0/../../../../avr/lib/avr4\libm.a
END GROUP
START GROUP
LOAD c:/program files/avr8-gnu-toolchain-win32_x86_64/bin/../lib/gcc/avr/7.3.0/avr4\libgcc.a
LOAD c:/program files/avr8-gnu-toolchain-win32_x86_64/bin/../lib/gcc/avr/7.3.0/../../../../avr/lib/avr4\libm.a
LOAD c:/program files/avr8-gnu-toolchain-win32_x86_64/bin/../lib/gcc/avr/7.3.0/../../../../avr/lib/avr4\libc.a
LOAD C:/Program Files/Microchip/MPLABX/v6.20/packs/Microchip/ATmega_DFP/3.1.264/gcc/dev/atmega8/avr4\libatmega8.a
END GROUP
                0x0000000000000000                __TEXT_REGION_ORIGIN__ = DEFINED (__TEXT_REGION_ORIGIN__)?__TEXT_REGION_ORIGIN__:0x0
                [0x0000000000800060]                __DATA_REGION_ORIGIN__ = DEFINED (__DATA_REGION_ORIGIN__)?__DATA_REGION_ORIGIN__:0x800060
                [0x0000000000002000]                __TEXT_REGION_LENGTH__ = DEFINED (__TEXT_REGION_LENGTH__)?__TEXT_REGION_LENGTH__:0x2000
                [0x0000000000000400]                __DATA_REGION_LENGTH__ = DEFINED (__DATA_REGION_LENGTH__)?__DATA_REGION_LENGTH__:0xffa0
                [0x0000000000000200]                __EEPROM_REGION_LENGTH__ = DEFINED (__EEPROM_REGION_LENGTH__)?__EEPROM_REGION_LENGTH__:0x10000
                [0x0000000000000002]                __FUSE_REGION_LENGTH__ = DEFINED (__FUSE_REGION_LENGTH__)?__FUSE_REGION_LENGTH__:0x400
                0x0000000000000400                __LOCK_REGION_LENGTH__ = DEFINED (__LOCK_REGION_LENGTH__)?__LOCK_REGION_LENGTH__:0x400
                0x0000000000000400                __SIGNATURE_REGION_LENGTH__ = DEFINED (__SIGNATURE_REGION_LENGTH__)?__SIGNATURE_REGION_LENGTH__:0x400
                0x0000000000000400                __USER_SIGNATURE_REGION_LENGTH__ = DEFINED (__USER_SIGNATURE_REGION_LENGTH__)?__USER_SIGNATURE_REGION_LENGTH__:0x400

.hash
 *(.hash)

.dynsym
 *(.dynsym)

.dynstr
 *(.dynstr)

.gnu.version
 *(.gnu.version)

.gnu.version_d
 *(.gnu.version_d)

.gnu.version_r
 *(.gnu.version_r)

.rel.init
 *(.rel.init)

.rela.init
 *(.rela.init)

.rel.text
 *(.rel.text)
 *(.rel.text.*)
 *(.rel.gnu.linkonce.t*)

.rela.text
 *(.rela.text)
 *(.rela.text.*)
 *(.rela.gnu.linkonce.t*)

.rel.fini
 *(.rel.fini)

.rela.fini
 *(.rela.fini)

.rel.rodata
 *(.rel.rodata)
 *(.rel.rodata.*)
 *(.rel.gnu.linkonce.r*)

.rela.rodata
 *(.rela.rodata)
 *(.rela.rodata.*)
 *(.rela.gnu.linkonce.r*)

.rel.data
 *(.rel.data)
 *(.rel.data.*)
 *(.rel.gnu.linkonce.d*)

.rela.data
 *(.rela.data)
 *(.rela.data.*)
 *(.rela.gnu.linkonce.d*)

.rel.ctors
 *(.rel.ctors)

.rela.ctors
 *(.rela.ctors)

.rel.dtors
 *(.rel.dtors)

.rela.dtors
 *(.rela.dtors)

.rel.got
 *(.rel.got)

.rela.got
 *(.rela.got)

.rel.bss
 *(.rel.bss)

.rela.bss
 *(.rela.bss)

.rel.plt
 *(.rel.plt)

.rela.plt
 *(.rela.plt)

.text           0x0000000000000000      0x576
 *(.vectors)
 .vectors       0x0000000000000000       0x26 C:/Program Files/Microchip/MPLABX/v6.20/packs/Microchip/ATmega_DFP/3.1.264/gcc/dev/atmega8/avr4/crtatmega8.o
                0x0000000000000000                __vector_default
                0x0000000000000000                __vectors
 *(.vectors)
 *(.progmem.gcc*)
                0x0000000000000026                . = ALIGN (0x2)
                0x0000000000000026                __trampolines_start = .
 *(.trampolines)
 .trampolines   0x0000000000000026        0x0 linker stubs
 *(.trampolines*)
                0x0000000000000026                __trampolines_end = .
 *libprintf_flt.a:*(.progmem.data)
 *libc.a:*(.progmem.data)
 *(.progmem*)
                0x0000000000000026                . = ALIGN (0x2)
 *(.jumptables)
 *(.jumptables*)
 *(.lowtext)
 *(.lowtext*)
                0x0000000000000026                __ctors_start = .
 *(.ctors)
                0x0000000000000026                __ctors_end = .
                0x0000000000000026                __dtors_start = .
 *(.dtors)
                0x0000000000000026                __dtors_end = .
 SORT(*)(.ctors)
 SORT(*)(.dtors)
 *(.init0)
 .init0         0x0000000000000026        0x0 C:/Program Files/Microchip/MPLABX/v6.20/packs/Microchip/ATmega_DFP/3.1.264/gcc/dev/atmega8/avr4/crtatmega8.o
                0x0000000000000026                __init
 *(.init0)
 *(.init1)
 *(.init1)
 *(.init2)
 .init2         0x0000000000000026        0xc C:/Program Files/Microchip/MPLABX/v6.20/packs/Microchip/ATmega_DFP/3.1.264/gcc/dev/atmega8/avr4/crtatmega8.o
 *(.init2)
 *(.init3)
 *(.init3)
 *(.init4)
 .init4         0x0000000000000032       0x16 c:/program files/avr8-gnu-toolchain-win32_x86_64/bin/../lib/gcc/avr/7.3.0/avr4\libgcc.a(_copy_data.o)
                0x0000000000000032                __do_copy_data
 .init4         0x0000000000000048       0x10 c:/program files/avr8-gnu-toolchain-win32_x86_64/bin/../lib/gcc/avr/7.3.0/avr4\libgcc.a(_clear_bss.o)
                0x0000000000000048                __do_clear_bss
 *(.init4)
 *(.init5)
 *(.init5)
 *(.init6)
 *(.init6)
 *(.init7)
 *(.init7)
 *(.init8)
 *(.init8)
 *(.init9)
 .init9         0x0000000000000058        0x4 C:/Program Files/Microchip/MPLABX/v6.20/packs/Microchip/ATmega_DFP/3.1.264/gcc/dev/atmega8/avr4/crtatmega8.o
 *(.init9)
 *(.text)
 .text          0x000000000000005c        0x2 C:/Program Files/Microchip/MPLABX/v6.20/packs/Microchip/ATmega_DFP/3.1.264/gcc/dev/atmega8/avr4/crtatmega8.o
                0x000000000000005c                __vector_1
                0x000000000000005c                __vector_12
                0x000000000000005c                __bad_interrupt
                0x000000000000005c                __vector_3
                0x000000000000005c                __vector_11
                0x000000000000005c                __vector_13
                0x000000000000005c                __vector_17
                0x000000000000005c                __vector_7
                0x000000000000005c                __vector_5
                0x000000000000005c                __vector_4
                0x000000000000005c                __vector_2
                0x000000000000005c                __vector_15
                0x000000000000005c                __vector_8
                0x000000000000005c                __vector_14
                0x000000000000005c                __vector_10
                0x000000000000005c                __vector_16
                0x000000000000005c                __vector_18
                0x000000000000005e                . = ALIGN (0x2)
 *(.text.*)
 .text.update_digits
                0x000000000000005e       0x9c build/default/production/zegar_main.o
                0x000000000000005e                update_digits
 .text.__vector_6
                0x00000000000000fa       0xc0 build/default/production/zegar_main.o
                0x00000000000000fa                __vector_6
 .text.timer0_init
                0x00000000000001ba        0xe build/default/production/zegar_main.o
                0x00000000000001ba                timer0_init
 .text.timer1_init
                0x00000000000001c8       0x1c build/default/production/zegar_main.o
                0x00000000000001c8                timer1_init
 .text.ports_init
                0x00000000000001e4       0x1a build/default/production/zegar_main.o
                0x00000000000001e4                ports_init
 .text.display_update
                0x00000000000001fe       0xb4 build/default/production/zegar_main.o
                0x00000000000001fe                display_update
 .text.__vector_9
                0x00000000000002b2       0x46 build/default/production/zegar_main.o
                0x00000000000002b2                __vector_9
 .text.change_digit
                0x00000000000002f8       0x5a build/default/production/zegar_main.o
                0x00000000000002f8                change_digit
 .text.change_time
                0x0000000000000352      0x1b8 build/default/production/zegar_main.o
                0x0000000000000352                change_time
 .text.main     0x000000000000050a       0x1a build/default/production/zegar_main.o
                0x000000000000050a                main
 .text.libgcc.div
                0x0000000000000524       0x26 c:/program files/avr8-gnu-toolchain-win32_x86_64/bin/../lib/gcc/avr/7.3.0/avr4\libgcc.a(_divmodhi4.o)
                0x0000000000000524                _div
                0x0000000000000524                __divmodhi4
 .text.libgcc.div
                0x000000000000054a       0x28 c:/program files/avr8-gnu-toolchain-win32_x86_64/bin/../lib/gcc/avr/7.3.0/avr4\libgcc.a(_udivmodhi4.o)
                0x000000000000054a                __udivmodhi4
                0x0000000000000572                . = ALIGN (0x2)
 *(.fini9)
 .fini9         0x0000000000000572        0x0 c:/program files/avr8-gnu-toolchain-win32_x86_64/bin/../lib/gcc/avr/7.3.0/avr4\libgcc.a(_exit.o)
                0x0000000000000572                _exit
                0x0000000000000572                exit
 *(.fini9)
 *(.fini8)
 *(.fini8)
 *(.fini7)
 *(.fini7)
 *(.fini6)
 *(.fini6)
 *(.fini5)
 *(.fini5)
 *(.fini4)
 *(.fini4)
 *(.fini3)
 *(.fini3)
 *(.fini2)
 *(.fini2)
 *(.fini1)
 *(.fini1)
 *(.fini0)
 .fini0         0x0000000000000572        0x4 c:/program files/avr8-gnu-toolchain-win32_x86_64/bin/../lib/gcc/avr/7.3.0/avr4\libgcc.a(_exit.o)
 *(.fini0)
                0x0000000000000576                _etext = .

.data           0x0000000000800060       0x16 load address 0x0000000000000576
                0x0000000000800060                PROVIDE (__data_start, .)
 *(.data)
 *(.data*)
 .data.off      0x0000000000800060        0x2 build/default/production/zegar_main.o
                0x0000000000800060                off
 .data.chosen_digit
                0x0000000000800062        0x2 build/default/production/zegar_main.o
                0x0000000000800062                chosen_digit
 *(.gnu.linkonce.d*)
 *(.rodata)
 *(.rodata*)
 .rodata.wybory
                0x0000000000800064        0x6 build/default/production/zegar_main.o
                0x0000000000800064                wybory
 .rodata.SEGMENT_MAP
                0x000000000080006a        0xb build/default/production/zegar_main.o
                0x000000000080006a                SEGMENT_MAP
 *(.gnu.linkonce.r*)
                0x0000000000800076                . = ALIGN (0x2)
 *fill*         0x0000000000800075        0x1 
                0x0000000000800076                _edata = .
                0x0000000000800076                PROVIDE (__data_end, .)

.bss            0x0000000000800076        0xc
                0x0000000000800076                PROVIDE (__bss_start, .)
 *(.bss)
 *(.bss*)
 .bss.digits    0x0000000000800076        0x6 build/default/production/zegar_main.o
                0x0000000000800076                digits
 .bss.current_digit
                0x000000000080007c        0x1 build/default/production/zegar_main.o
                0x000000000080007c                current_digit
 .bss.hours     0x000000000080007d        0x1 build/default/production/zegar_main.o
                0x000000000080007d                hours
 .bss.minutes   0x000000000080007e        0x1 build/default/production/zegar_main.o
                0x000000000080007e                minutes
 .bss.seconds   0x000000000080007f        0x1 build/default/production/zegar_main.o
                0x000000000080007f                seconds
 .bss.tryb      0x0000000000800080        0x2 build/default/production/zegar_main.o
                0x0000000000800080                tryb
 *(COMMON)
                0x0000000000800082                PROVIDE (__bss_end, .)
                0x0000000000000576                __data_load_start = LOADADDR (.data)
                0x000000000000058c                __data_load_end = (__data_load_start + SIZEOF (.data))

.noinit         0x0000000000800082        0x0
                [!provide]                        PROVIDE (__noinit_start, .)
 *(.noinit*)
                [!provide]                        PROVIDE (__noinit_end, .)
                0x0000000000800082                _end = .
                [!provide]                        PROVIDE (__heap_start, .)

.eeprom         0x0000000000810000        0x0
 *(.eeprom*)
                0x0000000000810000                __eeprom_end = .

.fuse
 *(.fuse)
 *(.lfuse)
 *(.hfuse)
 *(.efuse)

.lock
 *(.lock*)

.signature
 *(.signature*)

.user_signatures
 *(.user_signatures*)

.stab
 *(.stab)

.stabstr
 *(.stabstr)

.stab.excl
 *(.stab.excl)

.stab.exclstr
 *(.stab.exclstr)

.stab.index
 *(.stab.index)

.stab.indexstr
 *(.stab.indexstr)

.comment        0x0000000000000000       0x30
 *(.comment)
 .comment       0x0000000000000000       0x30 build/default/production/zegar_main.o
                                         0x31 (size before relaxing)

.note.gnu.avr.deviceinfo
                0x0000000000000000       0x3c
 .note.gnu.avr.deviceinfo
                0x0000000000000000       0x3c C:/Program Files/Microchip/MPLABX/v6.20/packs/Microchip/ATmega_DFP/3.1.264/gcc/dev/atmega8/avr4/crtatmega8.o

.note.gnu.build-id
 *(.note.gnu.build-id)

.debug
 *(.debug)

.line
 *(.line)

.debug_srcinfo
 *(.debug_srcinfo)

.debug_sfnames
 *(.debug_sfnames)

.debug_aranges
 *(.debug_aranges)

.debug_pubnames
 *(.debug_pubnames)

.debug_info     0x0000000000000000      0x48c
 *(.debug_info .gnu.linkonce.wi.*)
 .debug_info    0x0000000000000000      0x48c C:/Program Files/Microchip/MPLABX/v6.20/packs/Microchip/ATmega_DFP/3.1.264/gcc/dev/atmega8/avr4/crtatmega8.o

.debug_abbrev   0x0000000000000000      0x44e
 *(.debug_abbrev)
 .debug_abbrev  0x0000000000000000      0x44e C:/Program Files/Microchip/MPLABX/v6.20/packs/Microchip/ATmega_DFP/3.1.264/gcc/dev/atmega8/avr4/crtatmega8.o

.debug_line     0x0000000000000000      0x10a
 *(.debug_line .debug_line.* .debug_line_end)
 .debug_line    0x0000000000000000      0x10a C:/Program Files/Microchip/MPLABX/v6.20/packs/Microchip/ATmega_DFP/3.1.264/gcc/dev/atmega8/avr4/crtatmega8.o

.debug_frame
 *(.debug_frame)

.debug_str      0x0000000000000000      0x17a
 *(.debug_str)
 .debug_str     0x0000000000000000      0x17a C:/Program Files/Microchip/MPLABX/v6.20/packs/Microchip/ATmega_DFP/3.1.264/gcc/dev/atmega8/avr4/crtatmega8.o

.debug_loc
 *(.debug_loc)

.debug_macinfo
 *(.debug_macinfo)

.debug_weaknames
 *(.debug_weaknames)

.debug_funcnames
 *(.debug_funcnames)

.debug_typenames
 *(.debug_typenames)

.debug_varnames
 *(.debug_varnames)

.debug_pubtypes
 *(.debug_pubtypes)

.debug_ranges
 *(.debug_ranges)

.debug_macro
 *(.debug_macro)
OUTPUT(dist/default/production/zegar.X.production.elf elf32-avr)
LOAD linker stubs
